> Task :app:preBuild UP-TO-DATE
> Task :app:preDebugBuild UP-TO-DATE
> Task :app:mergeDebugNativeDebugMetadata NO-SOURCE
> Task :app:checkKotlinGradlePluginConfigurationErrors SKIPPED
> Task :app:dataBindingMergeDependencyArtifactsDebug UP-TO-DATE
> Task :app:generateDebugResValues UP-TO-DATE
> Task :app:generateDebugResources UP-TO-DATE
> Task :quicksearch:preBuild UP-TO-DATE
> Task :quicksearch:preDebugBuild UP-TO-DATE
> Task :quicksearch:generateDebugResValues UP-TO-DATE
> Task :quicksearch:generateDebugResources UP-TO-DATE
> Task :quicksearch:packageDebugResources UP-TO-DATE
> Task :app:mergeDebugResources UP-TO-DATE
> Task :app:dataBindingGenBaseClassesDebug UP-TO-DATE
> Task :quicksearch:writeDebugAarMetadata UP-TO-DATE
> Task :app:checkDebugAarMetadata UP-TO-DATE
> Task :app:mapDebugSourceSetPaths UP-TO-DATE
> Task :app:createDebugCompatibleScreenManifests UP-TO-DATE
> Task :app:extractDeepLinksDebug UP-TO-DATE
> Task :quicksearch:extractDeepLinksDebug UP-TO-DATE
> Task :quicksearch:processDebugManifest UP-TO-DATE
> Task :app:processDebugMainManifest UP-TO-DATE
> Task :app:processDebugManifest UP-TO-DATE
> Task :app:processDebugManifestForPackage UP-TO-DATE
> Task :quicksearch:compileDebugLibraryResources UP-TO-DATE
> Task :quicksearch:parseDebugLocalResources UP-TO-DATE
> Task :quicksearch:generateDebugRFile UP-TO-DATE
> Task :app:processDebugResources UP-TO-DATE
> Task :quicksearch:checkKotlinGradlePluginConfigurationErrors SKIPPED
> Task :quicksearch:generateDebugBuildConfig UP-TO-DATE
> Task :quicksearch:compileDebugKotlin UP-TO-DATE
> Task :quicksearch:javaPreCompileDebug UP-TO-DATE
> Task :quicksearch:compileDebugJavaWithJavac UP-TO-DATE
> Task :quicksearch:bundleLibCompileToJarDebug UP-TO-DATE
> Task :app:javaPreCompileDebug UP-TO-DATE
> Task :app:mergeDebugShaders UP-TO-DATE
> Task :app:compileDebugShaders NO-SOURCE
> Task :app:generateDebugAssets UP-TO-DATE
> Task :quicksearch:mergeDebugShaders UP-TO-DATE
> Task :quicksearch:compileDebugShaders NO-SOURCE
> Task :quicksearch:generateDebugAssets UP-TO-DATE
> Task :quicksearch:mergeDebugAssets UP-TO-DATE
> Task :app:mergeDebugAssets UP-TO-DATE
> Task :app:compressDebugAssets UP-TO-DATE
> Task :quicksearch:bundleLibRuntimeToJarDebug UP-TO-DATE
> Task :app:desugarDebugFileDependencies UP-TO-DATE
> Task :quicksearch:processDebugJavaRes UP-TO-DATE
> Task :app:checkDebugDuplicateClasses UP-TO-DATE
> Task :app:mergeExtDexDebug UP-TO-DATE
> Task :quicksearch:bundleLibRuntimeToDirDebug UP-TO-DATE
> Task :app:mergeDebugJniLibFolders UP-TO-DATE
> Task :quicksearch:mergeDebugJniLibFolders UP-TO-DATE
> Task :quicksearch:mergeDebugNativeLibs NO-SOURCE
> Task :quicksearch:copyDebugJniLibsProjectOnly UP-TO-DATE
> Task :app:mergeDebugNativeLibs UP-TO-DATE
> Task :app:stripDebugDebugSymbols UP-TO-DATE
> Task :app:validateSigningDebug UP-TO-DATE
> Task :app:writeDebugAppMetadata UP-TO-DATE
> Task :app:writeDebugSigningConfigVersions UP-TO-DATE

> Task :app:compileDebugKotlin FAILED
./gradlew : e: file:///C:/Users/siddi/Desktop/coding/homebot/app/src/main/java/co
m/abast/homebot/pickers/ActivityPickerActivity.kt:60:30 Argument type mismatch: 
actual type is 'kotlin.Array<(out) android.content.pm.ActivityInfo!>?', but 
'kotlin.Array<android.content.pm.ActivityInfo>' was expected.
At line:1 char:1
+ ./gradlew app:assembleDebug > build_output.txt 2>&1
+ ~~~~~~~~~~~~~~~~~~~~~~~~~~~~~~~~~~~~~~~~~~~~~~~~~~~
    + CategoryInfo          : NotSpecified: (e: file:///C:/U...' was expected.:S 
   tring) [], RemoteException
    + FullyQualifiedErrorId : NativeCommandError
 

[Incubating] Problems report is available at: file:///C:/Users/siddi/Desktop/coding/homebot/build/reports/problems/problems-report.html

FAILURE: Build failed with an exception.

* What went wrong:
Execution failed for task ':app:compileDebugKotlin'.
> A failure occurred while executing org.jetbrains.kotlin.compilerRunner.GradleCo
mpilerRunnerWithWorkers$GradleKotlinCompilerWorkAction
   > Compilation error. See log for more details

* Try:
> Run with --stacktrace option to get the stack trace.
> Run with --info or --debug option to get more log output.
> Run with --scan to get full insights.
> Get more help at https://help.gradle.org.

Deprecated Gradle features were used in this build, making it incompatible with Gradle 9.0.

You can use '--warning-mode all' to show the individual deprecation warnings and determine if they come from your own scripts or plugins.

For more on this, please refer to https://docs.gradle.org/8.13/userguide/command_line_interface.html#sec:command_line_warnings in the Gradle documentation.

BUILD FAILED in 37s
48 actionable tasks: 1 executed, 47 up-to-date
